// Jest Snapshot v1, https://goo.gl/fbAQLP

exports[`renders without crashing 1`] = `
<DocumentFragment>
  <div
    class="App"
  >
    <div
      class="makeStyles-lightMode-2"
    >
      <div
        class="MuiGrid-root MuiGrid-container MuiGrid-align-items-xs-center"
      >
        <div
          class="MuiGrid-root MuiGrid-item MuiGrid-grid-xs-3"
        />
        <div
          class="MuiGrid-root MuiGrid-item MuiGrid-grid-xs-6"
        >
          <div
            class="MuiGrid-root MuiGrid-container"
          >
            <div
              class="MuiGrid-root MuiGrid-item MuiGrid-grid-xs-2"
            >
              <button
                class="MuiButtonBase-root MuiButton-root MuiButton-outlined MuiButton-outlinedSecondary"
                tabindex="0"
                type="button"
              >
                <span
                  class="MuiButton-label"
                >
                  Home
                </span>
                <span
                  class="MuiTouchRipple-root"
                />
              </button>
            </div>
            <div
              class="MuiGrid-root MuiGrid-item MuiGrid-grid-xs-2"
            >
              <a
                data-testid="navButtonLink"
                href="/about"
              >
                <button
                  class="MuiButtonBase-root MuiButton-root MuiButton-outlined MuiButton-outlinedPrimary"
                  tabindex="0"
                  type="button"
                >
                  <span
                    class="MuiButton-label"
                  >
                    About
                  </span>
                  <span
                    class="MuiTouchRipple-root"
                  />
                </button>
              </a>
            </div>
            <div
              class="MuiGrid-root MuiGrid-item MuiGrid-grid-xs-1"
            />
            <div
              class="MuiGrid-root MuiGrid-item MuiGrid-grid-xs-2"
            >
              <div
                class="border"
              >
                <div>
                  <div>
                    <img
                      class="MuiCardMedia-root MuiCardMedia-media MuiCardMedia-img"
                      src="/Images/WIP-LOGO.png"
                      title="Zim Codes"
                    />
                  </div>
                </div>
              </div>
            </div>
            <div
              class="MuiGrid-root MuiGrid-item MuiGrid-grid-xs-1"
            />
            <div
              class="MuiGrid-root MuiGrid-item MuiGrid-grid-xs-2"
            >
              <a
                data-testid="navButtonLink"
                href="/resume"
              >
                <button
                  class="MuiButtonBase-root MuiButton-root MuiButton-outlined MuiButton-outlinedPrimary"
                  tabindex="0"
                  type="button"
                >
                  <span
                    class="MuiButton-label"
                  >
                    Resume
                  </span>
                  <span
                    class="MuiTouchRipple-root"
                  />
                </button>
              </a>
            </div>
            <div
              class="MuiGrid-root MuiGrid-item MuiGrid-grid-xs-2"
            >
              <a
                data-testid="navButtonLink"
                href="/site"
              >
                <button
                  class="MuiButtonBase-root MuiButton-root MuiButton-outlined MuiButton-outlinedPrimary"
                  tabindex="0"
                  type="button"
                >
                  <span
                    class="MuiButton-label"
                  >
                    About Site
                  </span>
                  <span
                    class="MuiTouchRipple-root"
                  />
                </button>
              </a>
            </div>
          </div>
        </div>
        <div
          class="MuiGrid-root MuiGrid-item MuiGrid-grid-xs-3"
        >
          <button
            class="MuiButtonBase-root MuiIconButton-root"
            tabindex="0"
            type="button"
          >
            <span
              class="MuiIconButton-label"
            >
              <svg
                aria-hidden="true"
                class="MuiSvgIcon-root makeStyles-lightModeLightbulb-3 MuiSvgIcon-fontSizeLarge"
                focusable="false"
                viewBox="0 0 24 24"
              >
                <path
                  d="M3.55 18.54l1.41 1.41 1.79-1.8-1.41-1.41-1.79 1.8zM11 22.45h2V19.5h-2v2.95zM4 10.5H1v2h3v-2zm11-4.19V1.5H9v4.81C7.21 7.35 6 9.28 6 11.5c0 3.31 2.69 6 6 6s6-2.69 6-6c0-2.22-1.21-4.15-3-5.19zm5 4.19v2h3v-2h-3zm-2.76 7.66l1.79 1.8 1.41-1.41-1.8-1.79-1.4 1.4z"
                />
              </svg>
            </span>
            <span
              class="MuiTouchRipple-root"
            />
          </button>
        </div>
      </div>
    </div>
    <div
      style="opacity: 1; transform: translate(0%,0);"
    >
      <div
        class="makeStyles-wrapper-13"
      >
        <div
          class="MuiGrid-root MuiGrid-container"
        >
          <div
            class="makeStyles-paraWrap-11"
          >
            <div
              class="test-name"
              style="position: absolute; width: 100%; height: 100%; overflow: scroll; overflow-y: scroll; overflow-x: hidden; transform: translate3d(0px,0px,0px);"
            >
              <div
                style="overflow: hidden; position: absolute; width: 100%; height: 0px; transform: translate3d(0px,0px,0px);"
              >
                <div
                  style="position: absolute; top: 0px; bottom: 0px; left: 0px; right: 0px; background-size: auto; background-repeat: no-repeat; will-change: transform; width: 100%; height: 0px; transform: translate3d(0,0px,0);"
                >
                  <div
                    class="MuiGrid-root MuiGrid-item MuiGrid-grid-xs-12"
                  >
                    <div
                      class="MuiGrid-root MuiGrid-container"
                    >
                      <div
                        class="MuiGrid-root MuiGrid-item MuiGrid-grid-xs-12"
                      >
                        <div
                          class="MuiGrid-root MuiGrid-container MuiGrid-justify-content-xs-space-around"
                        >
                          <div
                            class="MuiGrid-root MuiGrid-item MuiGrid-grid-xs-3"
                          >
                            <div
                              class="MuiPaper-root MuiCard-root makeStyles-fullHeight-18 MuiPaper-elevation1 MuiPaper-rounded"
                            >
                              <div
                                align="center"
                                class="MuiGrid-root makeStyles-fullHeight-18 MuiGrid-container MuiGrid-direction-xs-column MuiGrid-justify-content-xs-center"
                              >
                                <div
                                  class="MuiGrid-root MuiGrid-item"
                                >
                                  <div
                                    class="MuiCardContent-root"
                                  >
                                    <div>
                                      <img
                                        class="MuiCardMedia-root MuiCardMedia-media MuiCardMedia-img"
                                        src="/Images/Third-Party-Logos/ReactLogo.png"
                                        title="Zim Codes"
                                      />
                                    </div>
                                    <nav
                                      aria-label="main mailbox folders"
                                      class="MuiList-root MuiList-padding"
                                    >
                                      <h5
                                        class="MuiTypography-root MuiTypography-h5"
                                      >
                                        Profecient With
                                      </h5>
                                      <li
                                        class="MuiListItem-root MuiListItem-gutters"
                                      >
                                        <div
                                          class="MuiListItemIcon-root"
                                        >
                                          <svg
                                            aria-hidden="true"
                                            class="MuiSvgIcon-root"
                                            focusable="false"
                                            viewBox="0 0 24 24"
                                          >
                                            <circle
                                              cx="12"
                                              cy="12"
                                              r="8"
                                            />
                                          </svg>
                                        </div>
                                        <div
                                          class="MuiListItemText-root"
                                        >
                                          <span
                                            class="MuiTypography-root MuiListItemText-primary MuiTypography-body1 MuiTypography-displayBlock"
                                          >
                                            Class Components & Lifecycle Methods
                                          </span>
                                        </div>
                                      </li>
                                      <li
                                        class="MuiListItem-root MuiListItem-gutters"
                                      >
                                        <div
                                          class="MuiListItemIcon-root"
                                        >
                                          <svg
                                            aria-hidden="true"
                                            class="MuiSvgIcon-root"
                                            focusable="false"
                                            viewBox="0 0 24 24"
                                          >
                                            <circle
                                              cx="12"
                                              cy="12"
                                              r="8"
                                            />
                                          </svg>
                                        </div>
                                        <div
                                          class="MuiListItemText-root"
                                        >
                                          <span
                                            class="MuiTypography-root MuiListItemText-primary MuiTypography-body1 MuiTypography-displayBlock"
                                          >
                                            Functional Components with React Hooks
                                          </span>
                                        </div>
                                      </li>
                                      <li
                                        class="MuiListItem-root MuiListItem-gutters"
                                      >
                                        <div
                                          class="MuiListItemIcon-root"
                                        >
                                          <svg
                                            aria-hidden="true"
                                            class="MuiSvgIcon-root"
                                            focusable="false"
                                            viewBox="0 0 24 24"
                                          >
                                            <circle
                                              cx="12"
                                              cy="12"
                                              r="8"
                                            />
                                          </svg>
                                        </div>
                                        <div
                                          class="MuiListItemText-root"
                                        >
                                          <span
                                            class="MuiTypography-root MuiListItemText-primary MuiTypography-body1 MuiTypography-displayBlock"
                                          >
                                            State Management including React Context & Redux
                                          </span>
                                        </div>
                                      </li>
                                    </nav>
                                  </div>
                                </div>
                              </div>
                            </div>
                          </div>
                          <div
                            class="MuiGrid-root MuiGrid-item MuiGrid-grid-xs-3"
                          >
                            <div
                              class="MuiPaper-root MuiCard-root makeStyles-fullHeight-18 MuiPaper-elevation1 MuiPaper-rounded"
                            >
                              <div
                                align="center"
                                class="MuiGrid-root makeStyles-fullHeight-18 MuiGrid-container MuiGrid-direction-xs-column MuiGrid-justify-content-xs-center"
                              >
                                <div
                                  class="MuiGrid-root MuiGrid-item"
                                >
                                  <div
                                    class="MuiCardContent-root"
                                  >
                                    <div>
                                      <img
                                        class="MuiCardMedia-root MuiCardMedia-media MuiCardMedia-img"
                                        src="/Images/Third-Party-Logos/Ruby_On_Rails_Logo.png"
                                        title="Zim Codes"
                                      />
                                    </div>
                                    <nav
                                      aria-label="main mailbox folders"
                                      class="MuiList-root MuiList-padding"
                                    >
                                      <h5
                                        class="MuiTypography-root MuiTypography-h5"
                                      >
                                        Building Reliable Backends With
                                      </h5>
                                      <li
                                        class="MuiListItem-root MuiListItem-gutters"
                                      >
                                        <div
                                          class="MuiListItemIcon-root"
                                        >
                                          <svg
                                            aria-hidden="true"
                                            class="MuiSvgIcon-root"
                                            focusable="false"
                                            viewBox="0 0 24 24"
                                          >
                                            <circle
                                              cx="12"
                                              cy="12"
                                              r="8"
                                            />
                                          </svg>
                                        </div>
                                        <div
                                          class="MuiListItemText-root"
                                        >
                                          <span
                                            class="MuiTypography-root MuiListItemText-primary MuiTypography-body1 MuiTypography-displayBlock"
                                          >
                                            ActiveRecord & SQL
                                          </span>
                                        </div>
                                      </li>
                                      <li
                                        class="MuiListItem-root MuiListItem-gutters"
                                      >
                                        <div
                                          class="MuiListItemIcon-root"
                                        >
                                          <svg
                                            aria-hidden="true"
                                            class="MuiSvgIcon-root"
                                            focusable="false"
                                            viewBox="0 0 24 24"
                                          >
                                            <circle
                                              cx="12"
                                              cy="12"
                                              r="8"
                                            />
                                          </svg>
                                        </div>
                                        <div
                                          class="MuiListItemText-root"
                                        >
                                          <span
                                            class="MuiTypography-root MuiListItemText-primary MuiTypography-body1 MuiTypography-displayBlock"
                                          >
                                            Building REST API Endpoints
                                          </span>
                                        </div>
                                      </li>
                                      <li
                                        class="MuiListItem-root MuiListItem-gutters"
                                      >
                                        <div
                                          class="MuiListItemIcon-root"
                                        >
                                          <svg
                                            aria-hidden="true"
                                            class="MuiSvgIcon-root"
                                            focusable="false"
                                            viewBox="0 0 24 24"
                                          >
                                            <circle
                                              cx="12"
                                              cy="12"
                                              r="8"
                                            />
                                          </svg>
                                        </div>
                                        <div
                                          class="MuiListItemText-root"
                                        >
                                          <span
                                            class="MuiTypography-root MuiListItemText-primary MuiTypography-body1 MuiTypography-displayBlock"
                                          >
                                            Connect to React Clients using Apollo & GraphQL
                                          </span>
                                        </div>
                                      </li>
                                    </nav>
                                  </div>
                                </div>
                              </div>
                            </div>
                          </div>
                          <div
                            class="MuiGrid-root MuiGrid-item MuiGrid-grid-xs-3"
                          >
                            <div
                              class="MuiPaper-root MuiCard-root makeStyles-fullHeight-18 MuiPaper-elevation1 MuiPaper-rounded"
                            >
                              <div
                                align="center"
                                class="MuiGrid-root makeStyles-fullHeight-18 MuiGrid-container MuiGrid-direction-xs-column MuiGrid-justify-content-xs-center"
                              >
                                <div
                                  class="MuiGrid-root MuiGrid-item"
                                >
                                  <div
                                    class="MuiCardContent-root"
                                  >
                                    <div>
                                      <img
                                        class="MuiCardMedia-root MuiCardMedia-media MuiCardMedia-img"
                                        src="/Images/Third-Party-Logos/Gatsby-Logo.svg"
                                        title="Zim Codes"
                                      />
                                    </div>
                                    <nav
                                      aria-label="main mailbox folders"
                                      class="MuiList-root MuiList-padding"
                                    >
                                      <h5
                                        class="MuiTypography-root MuiTypography-h5"
                                      >
                                        Blazing Fast Sites Using
                                      </h5>
                                      <li
                                        class="MuiListItem-root MuiListItem-gutters"
                                      >
                                        <div
                                          class="MuiListItemIcon-root"
                                        >
                                          <svg
                                            aria-hidden="true"
                                            class="MuiSvgIcon-root"
                                            focusable="false"
                                            viewBox="0 0 24 24"
                                          >
                                            <circle
                                              cx="12"
                                              cy="12"
                                              r="8"
                                            />
                                          </svg>
                                        </div>
                                        <div
                                          class="MuiListItemText-root"
                                        >
                                          <span
                                            class="MuiTypography-root MuiListItemText-primary MuiTypography-body1 MuiTypography-displayBlock"
                                          >
                                            SSR Technology for performant static sites
                                          </span>
                                        </div>
                                      </li>
                                      <li
                                        class="MuiListItem-root MuiListItem-gutters"
                                      >
                                        <div
                                          class="MuiListItemIcon-root"
                                        >
                                          <svg
                                            aria-hidden="true"
                                            class="MuiSvgIcon-root"
                                            focusable="false"
                                            viewBox="0 0 24 24"
                                          >
                                            <circle
                                              cx="12"
                                              cy="12"
                                              r="8"
                                            />
                                          </svg>
                                        </div>
                                        <div
                                          class="MuiListItemText-root"
                                        >
                                          <span
                                            class="MuiTypography-root MuiListItemText-primary MuiTypography-body1 MuiTypography-displayBlock"
                                          >
                                            Custom Built Content Management using Netlify CMS
                                          </span>
                                        </div>
                                      </li>
                                      <li
                                        class="MuiListItem-root MuiListItem-gutters"
                                      >
                                        <div
                                          class="MuiListItemIcon-root"
                                        >
                                          <svg
                                            aria-hidden="true"
                                            class="MuiSvgIcon-root"
                                            focusable="false"
                                            viewBox="0 0 24 24"
                                          >
                                            <circle
                                              cx="12"
                                              cy="12"
                                              r="8"
                                            />
                                          </svg>
                                        </div>
                                        <div
                                          class="MuiListItemText-root"
                                        >
                                          <span
                                            class="MuiTypography-root MuiListItemText-primary MuiTypography-body1 MuiTypography-displayBlock"
                                          >
                                            Optimize Sites for High Ranking Lighthouse SEO Scores
                                          </span>
                                        </div>
                                      </li>
                                    </nav>
                                  </div>
                                </div>
                              </div>
                            </div>
                          </div>
                        </div>
                      </div>
                    </div>
                  </div>
                </div>
              </div>
              <div
                class="test-two"
                style="position: sticky; top: 0px; bottom: 0px; left: 0px; right: 0px; background-size: auto; background-repeat: no-repeat; will-change: transform; width: 100%; height: 0px; transform: translate3d(0,0px,0);"
              >
                <div
                  class="MuiGrid-root test-3 MuiGrid-item MuiGrid-grid-xs-12"
                >
                  <div
                    class="makeStyles-heroContainer-20"
                  >
                    <div
                      class="makeStyles-heroText-21"
                      id="hero-text"
                    >
                      Lets Build Together
                    </div>
                  </div>
                  <div
                    class="makeStyles-mainText-22"
                    id="scroll-down-text"
                  >
                    Scroll Down
                  </div>
                </div>
              </div>
            </div>
          </div>
        </div>
      </div>
    </div>
  </div>
</DocumentFragment>
`;
