// Jest Snapshot v1, https://goo.gl/fbAQLP

exports[`renders without crashing 1`] = `
<DocumentFragment>
  <div
    class="App"
  >
    <div
      class="makeStyles-lightMode-2"
    >
      <div
        class="MuiGrid-root MuiGrid-container MuiGrid-align-items-xs-center"
      >
        <div
          class="MuiGrid-root MuiGrid-item MuiGrid-grid-xs-3"
        />
        <div
          class="MuiGrid-root MuiGrid-item MuiGrid-grid-xs-6"
        >
          <div
            class="MuiGrid-root MuiGrid-container"
          >
            <div
              class="MuiGrid-root MuiGrid-item MuiGrid-grid-xs-2"
            >
              <a
                data-testid="navButtonLink"
                href="/"
              >
                <button
                  class="MuiButtonBase-root MuiButton-root MuiButton-outlined MuiButton-outlinedPrimary"
                  tabindex="0"
                  type="button"
                >
                  <span
                    class="MuiButton-label"
                  >
                    Home
                  </span>
                  <span
                    class="MuiTouchRipple-root"
                  />
                </button>
              </a>
            </div>
            <div
              class="MuiGrid-root MuiGrid-item MuiGrid-grid-xs-2"
            >
              <a
                data-testid="navButtonLink"
                href="/about"
              >
                <button
                  class="MuiButtonBase-root MuiButton-root MuiButton-outlined MuiButton-outlinedPrimary"
                  tabindex="0"
                  type="button"
                >
                  <span
                    class="MuiButton-label"
                  >
                    About
                  </span>
                  <span
                    class="MuiTouchRipple-root"
                  />
                </button>
              </a>
            </div>
            <div
              class="MuiGrid-root MuiGrid-item MuiGrid-grid-xs-1"
            />
            <div
              class="MuiGrid-root MuiGrid-item MuiGrid-grid-xs-2"
            >
              <div
                class="border"
              >
                <div>
                  <div>
                    <img
                      class="MuiCardMedia-root MuiCardMedia-media MuiCardMedia-img"
                      src="/Images/WIP-LOGO.png"
                      title="Zim Codes"
                    />
                  </div>
                </div>
              </div>
            </div>
            <div
              class="MuiGrid-root MuiGrid-item MuiGrid-grid-xs-1"
            />
            <div
              class="MuiGrid-root MuiGrid-item MuiGrid-grid-xs-2"
            >
              <a
                data-testid="navButtonLink"
                href="/resume"
              >
                <button
                  class="MuiButtonBase-root MuiButton-root MuiButton-outlined MuiButton-outlinedPrimary"
                  tabindex="0"
                  type="button"
                >
                  <span
                    class="MuiButton-label"
                  >
                    Resume
                  </span>
                  <span
                    class="MuiTouchRipple-root"
                  />
                </button>
              </a>
            </div>
            <div
              class="MuiGrid-root MuiGrid-item MuiGrid-grid-xs-2"
            >
              <a
                data-testid="navButtonLink"
                href="/site"
              >
                <button
                  class="MuiButtonBase-root MuiButton-root MuiButton-outlined MuiButton-outlinedPrimary"
                  tabindex="0"
                  type="button"
                >
                  <span
                    class="MuiButton-label"
                  >
                    About Site
                  </span>
                  <span
                    class="MuiTouchRipple-root"
                  />
                </button>
              </a>
            </div>
          </div>
        </div>
        <div
          class="MuiGrid-root MuiGrid-item MuiGrid-grid-xs-3"
        >
          <button
            class="MuiButtonBase-root MuiIconButton-root"
            tabindex="0"
            type="button"
          >
            <span
              class="MuiIconButton-label"
            >
              <svg
                aria-hidden="true"
                class="MuiSvgIcon-root makeStyles-lightModeLightbulb-3 MuiSvgIcon-fontSizeLarge"
                focusable="false"
                viewBox="0 0 24 24"
              >
                <path
                  d="M3.55 18.54l1.41 1.41 1.79-1.8-1.41-1.41-1.79 1.8zM11 22.45h2V19.5h-2v2.95zM4 10.5H1v2h3v-2zm11-4.19V1.5H9v4.81C7.21 7.35 6 9.28 6 11.5c0 3.31 2.69 6 6 6s6-2.69 6-6c0-2.22-1.21-4.15-3-5.19zm5 4.19v2h3v-2h-3zm-2.76 7.66l1.79 1.8 1.41-1.41-1.8-1.79-1.4 1.4z"
                />
              </svg>
            </span>
            <span
              class="MuiTouchRipple-root"
            />
          </button>
        </div>
      </div>
    </div>
    <div
      style="opacity: 1; transform: translate(0%,0);"
    />
  </div>
</DocumentFragment>
`;
